                                                                                                              
                                                    ....................                                      
                                                ............................                                  
                                             ..................................                               
                                          .......................................                             
                                        ............................................                          
                                      ................................................                        
                                    ...................................................                       
                                   ......................................................                     
                                 .........................................................                    
                                ............................................................                  
                              ...............................................................                 
                             .................................................................                
                            ...................................................................               
                           ......................................................................             
                          ........................................................................            
                         ..........................................................................           
                        ...........................................................................           
                       .............................................................................          
                      ...............................................................................         
                      ................................................................................        
                     ..................................................................................       
                    ...................................,o_,,...........................................       
                    ..................................,_o _,,...........................................      
                   ..................................,,_oii___...........................................     
                  ..................................,,,_o#.**#_..........................................     
                  ..................................,,,_o*.. o_,..........................................    
                 ..................................,,,_oi#_o#o_,,.........................................    
                 .................................,,,_o,#, ..io_,,.........................................   
                .................................,,,_oi...++..#_,,,,.......................................   
                ...............................,,,___oii+++++i,o_,,,,.......................................  
               ...............................,,____oi*.+++++o*oo_,,,,,.....................................  
               .............................,,___oooo*#*+++++i#ioo____,,..................................... 
               ...........................,,,_.*.*i* # ..++++. *#*o__o*o,.................................... 
              ..........................,,,,_o *_.#o+_,#i+++,. ._.*iiioi_.................................... 
              .......................,,,,,,__o*i++..+++++++++++++*   .,.o,....................................
              .....................,,,,,,,__oi*_++_+++++++++++++++._++.._,....................................
             ...................,,,,,,,,,___oi#.+++++++++++++++++++.++oi_,,...................................
             .................,,,,,,,,,____o#o.o+++++++++++++++++++++. o_,,...................................
             ...............,o____,,,,___ooi* o++++++++++++++++++++++..io_,...................................
.            ..............,_*.o___oooooooi*.#++++++++++++++++++++++++.#*o,...................................
.           .............,,,_* iooi##ioooii  +++++++++++++++++++++++++++.i,...................................
.           ............,,,__io..#*..# ***#.,+++++++++++++++++++++++++++ii,...................................
.           ...........,,,,_oi#.* .,_,. ###.+++++++++++++++++++++++++++,*o,...................................
.           ..........,,,,,_oi*,_+.++++#. ..+++++++++++++++++++++++++++o _,...................................
..          .........,,,,,_oo# ,_++++++++,.+++++++++++++++++++++++++++++#_,...................................
..          ........,,,,,_ii* #..+++++++++o++++++++++++++++++++++++++++_i_,...................................
..          .......,,___oi_## .+++++++++++.++++++++++++++++++++++++++++io,,...................................
..          ......_____oo* _._+++++++++++++++++++++++++++++++++++++++++*_,,...................................
..          ,,__o*oo_oii##.,++++++++++++++++++++++++++++++++++++++++++ o_,,...................................
..          ooii#+##   *io.++++++++++++++++++++++++++++++++++++++++++.io_,,...................................
..          ,,__o.ii**i*. o+++++++++++++++++++++++++++++++++++++++++++*o_,,...................................
..          .,,,,_____ooo* *#.+++++++++++++++++++++++++++++++++++++++++i_,,...................................
..          ......,____ooi.  .++++++++++++.++++++++++++++++++++++++++++,o,,...................................
..          .......,,,,__i.** *+++++++++++#++++++++++++++++++++++++++++.i_,...................................
..          ........,,,,,,ooi..*#++++++++*_++++++++++++++++++++++++++++o*_,...................................
..          .........,,,,,_ooi#,_++++++_ ...++++++++++++++++++++++++++++._,...................................
..          ..........,,,,,_oi*..+o#+.,..  o+++++++++++++++++++++++++++i*o,...................................
..          ...........,,,,__i oi. .i. #**#.+++++++++++++++++++++++++++.#o,...................................
.           .............,,__i,****_ *iiii*o++++++++++++++++++++++++++++  ,...................................
.           ..............,,_i ioooiioooooi*.,++++++++++++++++++++++++_  *,...................................
.            ..............,_,o_________ooi*. ++++++++++++++++++++++++,io_,...................................
.            ................,,,,,,,,,,___oii.i++++++++++++++++++++++_#i__,...................................
.            ..................,,,,,,,,,___oi# ,#+++++++++++++++++++++,i_,,...................................
             ....................,,,,,,,,___oi#.+++++++++++++++++++,++,*_,,...................................
              ......................,,,,,,___o#o++i++++++++++++++,...*..o,....................................
              ........................,,,,,__o. i...+_+++++++++,+ #* #.*_,................................... 
              ...........................,,,_o####*#*.o_ +++.,..o*iooo#i,.................................... 
               ............................,,_oo.ioi**#.+++++.#*io____i,..................................... 
               ..............................,,____ooi* +++++ #io___,,,.....................................  
                ...............................,,___ooi,+++++_#o__,,,,......................................  
                ................................,,,__oi,#+++.o#o,,,,,.......................................  
                .................................,,,,_o..,++.#._,,,........................................   
                 .................................,,,,_o*.*..io,,,.........................................   
                 ..................................,,,,oi*..#o_,,.........................................    
                  ..................................,,,_o*o ii_,..........................................    
                   ..................................,,_o#.io ,..........................................     
                   ..................................,,_o,o__,..........................................      
                    ...................................,.i,,,...........................................      
                     ...................................,,,............................................       
                     .................................................................................        
                      ................................................................................        
                       ..............................................................................         
                        ............................................................................          
                         ..........................................................................           
                         .........................................................................            
                          .......................................................................             
                           .....................................................................              
                             ..................................................................               
                              ................................................................                
                               ..............................................................                 
                                ...........................................................                   
                                  ........................................................                    
                                   .....................................................                      
                                     ..................................................                       
                                       ..............................................                         
                                         ..........................................                           
                                           .....................................                              
                                              ...............................                                 
                                                  ........................                                    
