                                                                                                              
                                         ....................                                                 
                                     ............................                                             
                                  ..................................                                          
                               .......................................                                        
                             ............................................                                     
                           ................................................                                   
                         ...................................................                                  
                        ......................................................                                
                      .........................................................                               
                      ...........................................................                             
                   ...............................................................                            
                  .................................................................                           
                 ...................................................................                          
                ......................................................................                        
               ........................................................................                       
              ..........................................................................                      
             ...........................................................................                      
            .............................................................................                     
           ...............................................................................                    
           ................................................................................                   
          ..................................................................................                  
         ...................................,o_,,...........................................                  
         ..................................._o _,,...........................................                 
        ..................................,,_oii___...........................................                
       ..................................,,,_o#.**#_..........................................                
       ..................................,,,_o*.. o_,..........................................               
      ..................................,,,,oi#_o#o_,,.........................................               
      .................................,,,__,#, ..io_,,.........................................              
     .................................,,,_oo...++..#_,,,,.......................................              
     ...............................,,,___ooi+++++i,o_,,,,.......................................             
    ...............................,,____oii.+++++o*oo_,,,,,.....................................             
    .............................,,___oooo***+++++i#ioo____,,.....................................            
    ...........................,,,_.*.*i* # ..++++. *#*o__o*o,....................................            
   ..........................,,,,_o *_.#o+_,#i+++,. ._.*iiioi_....................................            
   .......................,,,,,,__o*i++..+++++++++++++*   .,.o,....................................           
   .....................,,,,,,,__oi*_++_+++++++++++++++._++.._,....................................           
  ....................,,,,,,,,___oi#.+++++++++++++++++++.++oi_,,...................................           
  .................,,,,,,,,,____o#o.o+++++++++++++++++++++. o_,,...................................           
  ...............,o____,,,,___ooi* o++++++++++++++++++++++..io_,....................................          
  ..............,_*.o___oooooooi*.#++++++++++++++++++++++++.#*o,....................................          
 .............,,,_* iooi##ioooii  +++++++++++++++++++++++++++.i,....................................          
 ............,,,__io..#*..# ***#.,+++++++++++++++++++++++++++ii,....................................          
 ...........,,,,_oi#.* .,_,. ###.+++++++++++++++++++++++++++,*o,....................................          
 ..........,,,,,_oi*,,+.++++#. ..+++++++++++++++++++++++++++o _,.....................................         
 .........,,,,,_oo# ,,++++++++,.+++++++++++++++++++++++++++++#_,.....................................         
 ........,,,,,_ii* #..+++++++++o++++++++++++++++++++++++++++_i_,.....................................         
 .......,,___oi_## .+++++++++++.++++++++++++++++++++++++++++io,,.....................................         
 ......_____oo* _._+++++++++++++++++++++++++++++++++++++++++*_,,.....................................         
 ,,__o*oo_oii##.,++++++++++++++++++++++++++++++++++++++++++ o_,,.....................................         
 ooii#+##   *io.++++++++++++++++++++++++++++++++++++++++++.io_,,.....................................         
 ,,__o.ii**i*. o+++++++++++++++++++++++++++++++++++++++++++*o_,,.....................................         
 .,,,,_____ooo* *#.+++++++++++++++++++++++++++++++++++++++++i_,,.....................................         
 ......,____ooi.  .++++++++++++.++++++++++++++++++++++++++++,o,,.....................................         
 .......,,,,__i.** *+++++++++++#++++++++++++++++++++++++++++.i_,.....................................         
 ........,,,,,,ooi..**++++++++*_++++++++++++++++++++++++++++o*_,.....................................         
 .........,,,,,_ooi#,,++++++_ ...++++++++++++++++++++++++++++._,.....................................         
 ..........,,,,,_oi*..+o#+.,..  o+++++++++++++++++++++++++++i*o,.....................................         
 ...........,,,,__i oo. .i. #**#.+++++++++++++++++++++++++++.#o,....................................          
 .............,,__i,****_ *iiii*o++++++++++++++++++++++++++++  ,....................................          
 ..............,,_i ioooiioooooi*.,++++++++++++++++++++++++_  *,....................................          
  ..............,_,o_________ooi*. ++++++++++++++++++++++++,io_,....................................          
  ................,,,,,,,,,,___oii.i++++++++++++++++++++++_#i__,....................................          
  ..................,,,,,,,,,___oi# ,#+++++++++++++++++++++,i_,,...................................           
  ....................,,,,,,,,___oi#.+++++++++++++++++++,++,*_,,...................................           
   ......................,,,,,,___o#o++i++++++++++++++,...*..o,....................................           
   ........................,,,,,__o. i...+_+++++++++,+ #* #.*_,...................................            
   ...........................,,,_o####*#*.o_ +++.,..o*iooo#i,....................................            
    ............................,,_oo.ioi**#.+++++.#*io____i,.....................................            
    ..............................,,____ooii +++++ #io___,,,.....................................             
     ...............................,,___ooo,+++++_#o__,,,,......................................             
     ................................,,,__oo,#+++.o#o,,,,,.......................................             
     .................................,,,,__..,++.#._,,,........................................              
      .................................,,,,,o*.*..io,,,.........................................              
      ..................................,,,,oi*..#o_,,.........................................               
       ..................................,,,_o*o ii_,..........................................               
        ..................................,,_o#.io ,..........................................                
        ..................................,,_o,o__,..........................................                 
         ...................................,.i,,,...........................................                 
          ...................................,,,............................................                  
          .................................................................................                   
           ................................................................................                   
            ..............................................................................                    
             ............................................................................                     
              ..........................................................................                      
              .........................................................................                       
               .......................................................................                        
                .....................................................................                         
                  ..................................................................                          
                   ................................................................                           
                    ..............................................................                            
                      ..........................................................                              
                       ........................................................                               
                        .....................................................                                 
                          ..................................................                                  
                            ..............................................                                    
                              ..........................................                                      
                                .....................................                                         
                                   ...............................                                            
                                       ........................                                               
