                                                  .                                                 
                                         ...................                                        
                                     ...........................                                    
                                 ...................................                                
                               .......................................                              
                             ...........................................                            
                           ...............................................                          
                         ...................................................                        
                       .......................................................                      
                      .........................................................                     
                     ............................................................                   
                   ...............................................................                  
                  .................................................................                 
                 ...................................................................                
                .....................................................................               
               .......................................................................              
              .........................................................................             
             ...........................................................................            
            .............................................................................           
           ...............................................................................          
           ................................................................................         
          .................................................................................         
         ...................................,i_,,...........................................        
        ...................................,_i*_,,...........................................       
        ..................................,,_oii_o_..........................................       
       ..................................,,,_o#.* +,..........................................      
       .................................,,,,oi*.,*o_,.........................................      
      .................................,,,,_oi i.*o_,,.........................................     
      ................................,,,,_i, _++#io,,,........................................     
     ................................,,,__o..o,+_#.i_,,,,.......................................    
     ...............................,,___oi#o++++.i*o_,,,,......................................    
    ..............................,,____ooi .+++++ io__,,,,,.....................................   
    .............................,,_oooooi* _+++++.*io_____,,....................................   
   ............................,,_i..i**.# .,.+++i..# *oooo._.....................................  
   .........................,,,,__o. ,, .o**++++++##_..*ii*,o,....................................  
   .......................,,,,,___i.+# ,_+++++++++++++_.._,i,_,...................................  
   ....................,,,,,,,___oi#+++++++++++++++++++**++oi_,.................................... 
  ...................,,,,,,,,____i* , +++++++++++++++++++++#o_,.................................... 
  .................,,,,,,,,,____i.i,+++++++++++++++++++++#_*o_,,................................... 
  ...............,o____,,,____oo*.++++++++++++++++++++++++o.io,,................................... 
  .............,,_*#oooooooooooi#._++++++++++++++++++++++++.*#_,................................... 
 .............,,__# *ioii#iooii*i.+++++++++++++++++++++++++,._o,....................................
 ............,,,__iii. #,, .***#.,++++++++++++++++++++++++++_ _,....................................
 ...........,,,,_oi#.i.i#+_,.## .+++++++++++++++++++++++++++.i_,....................................
 ..........,,,,,ooi*#+++++++....++++++++++++++++++++++++++++io_,....................................
 .........,,,,,_oo. i+++++++++,,++++++++++++++++++++++++++++ #_,....................................
 ........,,,,_oii*  ++++++++++#*++++++++++++++++++++++++++++.o,,....................................
 .......,____oi* .._+++++++++++,++++++++++++++++++++++++++++#_,,....................................
 .,,..,____ooo* **i++++++++++++++++++++++++++++++++++++++++,o_,,....................................
 ,,__o*ooiii*. ,+++++++++++++++++++++++++++++++++++++++++++io_,,....................................
+++++++++++++++++++++++++++++++++++++++++++++++++++++++++_#io_,,....................................
 ,,__o#ooiii*. ,+++++++++++++++++++++++++++++++++++++++++++io_,,....................................
 .,,..,____ooo* **i++++++++++++,+++++++++++++++++++++++++++,o_,,....................................
 .......,____oii ..++++++++++++,++++++++++++++++++++++++++++#_,,....................................
 ........,,,,_oii* .++++++++++#*++++++++++++++++++++++++++++.o,,....................................
 .........,,,,,_oo. *+++++++++,,++++++++++++++++++++++++++++.#_,....................................
 ..........,,,,,ooi*#+++++++_...++++++++++++++++++++++++++++,o_,....................................
 ...........,,,,_oi#.i,i*+_,.## ++++++++++++++++++++++++++++.i_,....................................
 ............,,,__iii. #., _***#..++++++++++++++++++++++++++i._,....................................
 .............,,__# *iiii#iooii**++++++++++++++++++++++++++_ oo,....................................
  .............,,_*#oooooooooooi#.,++++++++++++++++++++++++.##_,................................... 
  ...............,o____,,,____oo*#++++++++++++++++++++++++*.io,,................................... 
  .................,,,,,,,,,____i.i,+++++++++++++++++++++#,*o_,,................................... 
  ...................,,,,,,,,____i* , +++++++++++++++++++++.o_,.................................... 
   ....................,,,,,,,___oi#+++++++++++++++++++o#++i*_,.................................... 
   .......................,,,,,___i..,+,_+++++++++++++_.._,o__,...................................  
   .........................,,,,__o.#,. .***++++++++_,i*ii*,o,....................................  
   ............................,,_i._i**.. .,.+++i..# *oooo._,....................................  
    .............................,,_oooooi* o+++++,*io_____,,....................................   
    ..............................,,____ooi ,+++++,*o__,,,,,.....................................   
     ...............................,,___oi#o++++#i*o_,,,,......................................    
     ................................,,,__o.,oo+_..i_,,,,.......................................    
      ................................,,,,_i, _+_#io,,,........................................     
      .................................,,,,_oi i.*o_,,.........................................     
       .................................,,,,oi*.,*o_,.........................................      
       ..................................,,,_o#.* +,..........................................      
        ..................................,,_o#i_o_..........................................       
        ...................................,_i*_,,...........................................       
         ...................................,i_,,...........................................        
          .................................................................................         
          .................................................................................         
           ...............................................................................          
            .............................................................................           
             ...........................................................................            
              .........................................................................             
               .......................................................................              
                .....................................................................               
                 ...................................................................                
                  .................................................................                 
                   ...............................................................                  
                    .............................................................                   
                      .........................................................                     
                       .......................................................                      
                         ...................................................                        
                           ...............................................                          
                             ...........................................                            
                               .......................................                              
                                 ...................................                                
                                    .............................                                   
                                         ...................                                        
