Next prime: 2
Next prime: 3
Next prime: 5
Next prime: 7
Next prime: 11
Next prime: 13
Next prime: 17
Next prime: 19
Next prime: 23
Next prime: 29
Next prime: 31
Next prime: 37
Next prime: 41
Next prime: 43
Next prime: 47
Next prime: 53
Next prime: 59
Next prime: 61
Next prime: 67
Next prime: 71
Next prime: 73
Next prime: 79
Next prime: 83
Next prime: 89
Next prime: 97
Next prime: 101
Next prime: 103
Next prime: 107
Next prime: 109
Next prime: 113
Next prime: 127
Next prime: 131
Next prime: 137
Next prime: 139
Next prime: 149
Next prime: 151
Next prime: 157
Next prime: 163
Next prime: 167
Next prime: 173
Next prime: 179
Next prime: 181
Next prime: 191
Next prime: 193
Next prime: 197
Next prime: 199
Next prime: 211
Next prime: 223
Next prime: 227
Next prime: 229
Next prime: 233
Next prime: 239
Next prime: 241
Next prime: 251
Next prime: 257
Next prime: 263
Next prime: 269
Next prime: 271
Next prime: 277
Next prime: 281
Next prime: 283
Next prime: 293
Next prime: 307
Next prime: 311
Next prime: 313
Next prime: 317
Next prime: 331
Next prime: 337
Next prime: 347
Next prime: 349
Next prime: 353
Next prime: 359
Next prime: 367
Next prime: 373
Next prime: 379
Next prime: 383
Next prime: 389
Next prime: 397
Next prime: 401
Next prime: 409
Next prime: 419
Next prime: 421
Next prime: 431
Next prime: 433
Next prime: 439
Next prime: 443
Next prime: 449
Next prime: 457
Next prime: 461
Next prime: 463
Next prime: 467
Next prime: 479
Next prime: 487
Next prime: 491
Next prime: 499
Next prime: 503
Next prime: 509
Next prime: 521
Next prime: 523
Next prime: 541
Next prime: 547
Next prime: 557
Next prime: 563
Next prime: 569
Next prime: 571
Next prime: 577
Next prime: 587
Next prime: 593
Next prime: 599
Next prime: 601
Next prime: 607
Next prime: 613
Next prime: 617
Next prime: 619
Next prime: 631
Next prime: 641
Next prime: 643
Next prime: 647
Next prime: 653
Next prime: 659
Next prime: 661
Next prime: 673
Next prime: 677
Next prime: 683
Next prime: 691
Next prime: 701
Next prime: 709
Next prime: 719
Next prime: 727
Next prime: 733
Next prime: 739
Next prime: 743
Next prime: 751
Next prime: 757
Next prime: 761
Next prime: 769
Next prime: 773
Next prime: 787
Next prime: 797
Next prime: 809
Next prime: 811
Next prime: 821
Next prime: 823
Next prime: 827
Next prime: 829
Next prime: 839
Next prime: 853
Next prime: 857
Next prime: 859
Next prime: 863
Next prime: 877
Next prime: 881
Next prime: 883
Next prime: 887
Next prime: 907
Next prime: 911
Next prime: 919
Next prime: 929
Next prime: 937
Next prime: 941
Next prime: 947
Next prime: 953
Next prime: 967
Next prime: 971
Next prime: 977
Next prime: 983
Next prime: 991
Next prime: 997
Next prime: 1009
Next prime: 1013
Next prime: 1019
Next prime: 1021
Next prime: 0
